******************************************************************************
                  TI ARM Linker PC v18.12.2                    
******************************************************************************
>> Linked Sat Jul 17 10:43:25 2021

OUTPUT FILE NAME:   <peripheral_bidirectional_audio_cc2640r2lp_app.out>
ENTRY POINT SYMBOL: "ResetISR"  address: 0000efbd


MEMORY CONFIGURATION

         name            origin    length      used     unused   attr    fill
----------------------  --------  ---------  --------  --------  ----  --------
  FLASH                 00000000   0001f000  00015ce8  00009318  R  X
  FLASH_LAST_PAGE       0001f000   00001000  00000058  00000fa8  R  X
  SRAM                  20000000   00004400  00002e36  000015ca  RW X


SEGMENT ALLOCATION MAP

run origin  load origin   length   init length attrs members
----------  ----------- ---------- ----------- ----- -------
00000000    00000000    00013cf4   00013cf4    r-x
  00000000    00000000    0000003c   0000003c    r-- .resetVecs
  0000003c    0000003c    00000fc4   00000fc4    r-x .text.1
  00001000    00001000    00000028   00000028    r-- .const:ti_sysbios_heaps_HeapMem_Module__FXNS__C
  00001028    00001028    00000024   00000024    r-- .const:ti_sysbios_gates_GateHwi_Module__FXNS__C
  0000104c    0000104c    00000024   00000024    r-- .const:ti_sysbios_gates_GateMutex_Module__FXNS__C
  00001070    00001070    00000020   00000020    r-- .const:ti_sysbios_family_arm_m3_Hwi_Object__DESC__C
  00001090    00001090    00000020   00000020    r-- .const:ti_sysbios_gates_GateHwi_Object__DESC__C
  000010b0    000010b0    00000020   00000020    r-- .const:ti_sysbios_gates_GateMutex_Object__DESC__C
  000010d0    000010d0    00000020   00000020    r-- .const:ti_sysbios_hal_Hwi_Object__DESC__C
  000010f0    000010f0    00000020   00000020    r-- .const:ti_sysbios_heaps_HeapMem_Object__DESC__C
  00001110    00001110    00000020   00000020    r-- .const:ti_sysbios_knl_Clock_Object__DESC__C
  00001130    00001130    00000020   00000020    r-- .const:ti_sysbios_knl_Event_Object__DESC__C
  00001150    00001150    00000020   00000020    r-- .const:ti_sysbios_knl_Mailbox_Object__DESC__C
  00001170    00001170    00000020   00000020    r-- .const:ti_sysbios_knl_Queue_Object__DESC__C
  00001190    00001190    00000020   00000020    r-- .const:ti_sysbios_knl_Semaphore_Object__DESC__C
  000011b0    000011b0    00000020   00000020    r-- .const:ti_sysbios_knl_Swi_Object__DESC__C
  000011d0    000011d0    00000020   00000020    r-- .const:ti_sysbios_knl_Task_Object__DESC__C
  000011f0    000011f0    00000008   00000008    r-- .const:ti_sysbios_knl_Idle_funcList__C
  000011f8    000011f8    00000004   00000004    r-- .const:ti_sysbios_family_arm_cc26xx_Timer_startupNeeded__C
  000011fc    000011fc    00000004   00000004    r-- .const:ti_sysbios_family_arm_m3_Hwi_E_alreadyDefined__C
  00001200    00001200    00000004   00000004    r-- .const:ti_sysbios_family_arm_m3_Hwi_E_hwiLimitExceeded__C
  00001204    00001204    00000004   00000004    r-- .const:ti_sysbios_family_arm_m3_Hwi_NUM_INTERRUPTS__C
  00001208    00001208    00000004   00000004    r-- .const:ti_sysbios_family_arm_m3_Hwi_Object__count__C
  0000120c    0000120c    00000004   00000004    r-- .const:ti_sysbios_family_arm_m3_Hwi_Object__table__C
  00001210    00001210    00000004   00000004    r-- .const:ti_sysbios_family_arm_m3_Hwi_ccr__C
  00001214    00001214    00000004   00000004    r-- .const:ti_sysbios_family_arm_m3_Hwi_excHandlerFunc__C
  00001218    00001218    00000004   00000004    r-- .const:ti_sysbios_family_arm_m3_Hwi_nullIsrFunc__C
  0000121c    0000121c    00000004   00000004    r-- .const:ti_sysbios_family_arm_m3_Hwi_numSparseInterrupts__C
  00001220    00001220    00000004   00000004    r-- .const:ti_sysbios_family_arm_m3_Hwi_priGroup__C
  00001224    00001224    00000004   00000004    r-- .const:ti_sysbios_family_arm_m3_TaskSupport_stackAlignment__C
  00001228    00001228    00000004   00000004    r-- .const:ti_sysbios_heaps_HeapMem_E_memory__C
  0000122c    0000122c    00000004   00000004    r-- .const:ti_sysbios_heaps_HeapMem_Module__gateObj__C
  00001230    00001230    00000004   00000004    r-- .const:ti_sysbios_heaps_HeapMem_Object__count__C
  00001234    00001234    00000004   00000004    r-- .const:ti_sysbios_heaps_HeapMem_Object__table__C
  00001238    00001238    00000004   00000004    r-- .const:ti_sysbios_heaps_HeapMem_reqAlign__C
  0000123c    0000123c    00000004   00000004    r-- .const:ti_sysbios_knl_Clock_triggerClock__C
  00001240    00001240    00000004   00000004    r-- .const:ti_sysbios_knl_Mailbox_Object__count__C
  00001244    00001244    00000004   00000004    r-- .const:ti_sysbios_knl_Mailbox_Object__table__C
  00001248    00001248    00000004   00000004    r-- .const:ti_sysbios_knl_Mailbox_maxTypeAlign__C
  0000124c    0000124c    00000004   00000004    r-- .const:ti_sysbios_knl_Queue_Object__count__C
  00001250    00001250    00000004   00000004    r-- .const:ti_sysbios_knl_Queue_Object__table__C
  00001254    00001254    00000004   00000004    r-- .const:ti_sysbios_knl_Semaphore_eventPost__C
  00001258    00001258    00000004   00000004    r-- .const:ti_sysbios_knl_Semaphore_eventSync__C
  0000125c    0000125c    00000004   00000004    r-- .const:ti_sysbios_knl_Swi_Object__count__C
  00001260    00001260    00000004   00000004    r-- .const:ti_sysbios_knl_Swi_Object__table__C
  00001264    00001264    00000004   00000004    r-- .const:ti_sysbios_knl_Swi_numPriorities__C
  00001268    00001268    00000004   00000004    r-- .const:ti_sysbios_knl_Task_Object__count__C
  0000126c    0000126c    00000004   00000004    r-- .const:ti_sysbios_knl_Task_Object__table__C
  00001270    00001270    00000004   00000004    r-- .const:ti_sysbios_knl_Task_allBlockedFunc__C
  00001274    00001274    00000004   00000004    r-- .const:ti_sysbios_knl_Task_defaultStackHeap__C
  00001278    00001278    00000004   00000004    r-- .const:ti_sysbios_knl_Task_defaultStackSize__C
  0000127c    0000127c    00000004   00000004    r-- .const:ti_sysbios_knl_Task_numConstructedTasks__C
  00001280    00001280    00000002   00000002    r-- .const:ti_sysbios_family_arm_cc26xx_Timer_Module__id__C
  00001282    00001282    00000002   00000002    r-- .const:ti_sysbios_family_arm_cc26xx_TimestampProvider_useClockTimer__C
  00001284    00001284    00000002   00000002    r-- .const:ti_sysbios_family_arm_m3_Hwi_Module__id__C
  00001286    00001286    00000002   00000002    r-- .const:ti_sysbios_gates_GateHwi_Module__id__C
  00001288    00001288    00000002   00000002    r-- .const:ti_sysbios_gates_GateMutex_Module__id__C
  0000128a    0000128a    00000002   00000002    r-- .const:ti_sysbios_heaps_HeapMem_Module__id__C
  0000128c    0000128c    00000002   00000002    r-- .const:ti_sysbios_knl_Task_initStackFlag__C
  0000128e    0000128e    00000001   00000001    r-- .const:ti_sysbios_knl_Clock_tickMode__C
  00001290    00001290    00000008   00000008    r-- .const:xdc_runtime_Startup_firstFxns__C
  00001298    00001298    00000008   00000008    r-- .const:xdc_runtime_Startup_lastFxns__C
  000012a0    000012a0    00000004   00000004    r-- .const:xdc_runtime_Assert_E_assertFailed__C
  000012a4    000012a4    00000004   00000004    r-- .const:xdc_runtime_Error_E_memory__C
  000012a8    000012a8    00000004   00000004    r-- .const:xdc_runtime_Error_policyFxn__C
  000012ac    000012ac    00000004   00000004    r-- .const:xdc_runtime_Error_raiseHook__C
  000012b0    000012b0    00000004   00000004    r-- .const:xdc_runtime_IGateProvider_Interface__BASE__C
  000012b4    000012b4    00000004   00000004    r-- .const:xdc_runtime_IHeap_Interface__BASE__C
  000012b8    000012b8    00000004   00000004    r-- .const:xdc_runtime_IModule_Interface__BASE__C
  000012bc    000012bc    00000004   00000004    r-- .const:xdc_runtime_Memory_defaultHeapInstance__C
  000012c0    000012c0    00000004   00000004    r-- .const:xdc_runtime_Startup_execImpl__C
  000012c4    000012c4    00000004   00000004    r-- .const:xdc_runtime_Startup_maxPasses__C
  000012c8    000012c8    00000004   00000004    r-- .const:xdc_runtime_Startup_sfxnRts__C
  000012cc    000012cc    00000004   00000004    r-- .const:xdc_runtime_Startup_sfxnTab__C
  000012d0    000012d0    00000004   00000004    r-- .const:xdc_runtime_Startup_startModsFxn__C
  000012d4    000012d4    00000004   00000004    r-- .const:xdc_runtime_SysCallback_abortFxn__C
  000012d8    000012d8    00000004   00000004    r-- .const:xdc_runtime_SysCallback_exitFxn__C
  000012dc    000012dc    00000004   00000004    r-- .const:xdc_runtime_System_abortFxn__C
  000012e0    000012e0    00000004   00000004    r-- .const:xdc_runtime_System_exitFxn__C
  000012e4    000012e4    00000004   00000004    r-- .const:xdc_runtime_System_maxAtexitHandlers__C
  000012e8    000012e8    00000004   00000004    r-- .const:xdc_runtime_Text_charTab__C
  000012ec    000012ec    00000004   00000004    r-- .const:xdc_runtime_Text_nameEmpty__C
  000012f0    000012f0    00000004   00000004    r-- .const:xdc_runtime_Text_nameStatic__C
  000012f4    000012f4    00000004   00000004    r-- .const:xdc_runtime_Text_nameUnknown__C
  000012f8    000012f8    00000002   00000002    r-- .const:xdc_runtime_Error_maxDepth__C
  000012fa    000012fa    00000002   00000002    r-- .const:xdc_runtime_Memory_Module__id__C
  000012fc    000012fc    00000002   00000002    r-- .const:xdc_runtime_Text_charCnt__C
  000012fe    000012fe    00000002   00000002    r-- .const:xdc_runtime_Text_isLoaded__C
  00001300    00001300    00000001   00000001    r-- .const:xdc_runtime_Error_policy__C
  00001304    00001304    00000004   00000004    r-- .const:ti_sysbios_rom_ROM_ti_sysbios_family_arm_cc26xx_Timer_getCount64__E
  00001308    00001308    00000004   00000004    r-- .const:ti_sysbios_rom_ROM_ti_sysbios_family_arm_cc26xx_Timer_getCurrentTick__E
  0000130c    0000130c    00000004   00000004    r-- .const:ti_sysbios_rom_ROM_ti_sysbios_family_arm_cc26xx_Timer_getMaxTicks__E
  00001310    00001310    00000004   00000004    r-- .const:ti_sysbios_rom_ROM_ti_sysbios_family_arm_cc26xx_Timer_initDevice__I
  00001314    00001314    00000004   00000004    r-- .const:ti_sysbios_rom_ROM_ti_sysbios_family_arm_cc26xx_Timer_setNextTick__E
  00001318    00001318    00000004   00000004    r-- .const:ti_sysbios_rom_ROM_ti_sysbios_family_arm_cc26xx_Timer_setThreshold__I
  0000131c    0000131c    00000004   00000004    r-- .const:ti_sysbios_rom_ROM_ti_sysbios_family_arm_cc26xx_Timer_start__E
  00001320    00001320    00000004   00000004    r-- .const:ti_sysbios_rom_ROM_ti_sysbios_family_arm_cc26xx_TimestampProvider_get32__E
  00001324    00001324    00000004   00000004    r-- .const:ti_sysbios_rom_ROM_xdc_runtime_Startup_getState__I
  00001328    00001328    00000004   00000004    r-- .const:ti_sysbios_rom_ROM_xdc_runtime_System_SupportProxy_abort__E
  0000132c    0000132c    00000004   00000004    r-- .const:ti_sysbios_rom_ROM_xdc_runtime_System_SupportProxy_exit__E
  00001330    00001330    00010ea4   00010ea4    r-x .text.2
  000121d4    000121d4    0000168e   0000168e    r-- .const
  00013864    00013864    000000a6   000000a6    r-- .rodata
  00013910    00013910    000003e4   000003e4    r-- .cinit
0001d000    0001d000    00002000   00002000    r--
  0001d000    0001d000    00002000   00002000    r-- .snvSectors
0001ffa8    0001ffa8    00000058   00000058    r--
  0001ffa8    0001ffa8    00000058   00000058    r-- .ccfg
20000100    20000100    00002970   00000000    rw-
  20000100    20000100    00000044   00000000    rw- .data:ti_sysbios_knl_Task_Module__state__V
  20000144    20000144    00000034   00000000    rw- .data:ti_sysbios_family_arm_m3_Hwi_Module__state__V
  20000178    20000178    0000002c   00000000    rw- .data:ti_sysbios_knl_Clock_Module__state__V
  200001a4    200001a4    00000024   00000000    rw- .data:ti_sysbios_BIOS_Module__state__V
  200001c8    200001c8    0000001c   00000000    rw- .data:ti_sysbios_knl_Swi_Module__state__V
  200001e4    200001e4    00000008   00000000    rw- .data:ti_sysbios_family_arm_cc26xx_Timer_Module__state__V
  200001ec    200001ec    00000004   00000000    rw- .data:ti_sysbios_family_arm_cc26xx_TimestampProvider_Module__state__V
  200001f0    200001f0    00000008   00000000    rw- .data:xdc_runtime_Startup_Module__state__V
  200001f8    200001f8    00000008   00000000    rw- .data:xdc_runtime_System_Module__state__V
  20000200    20000200    00000004   00000000    rw- .data:xdc_runtime_Memory_Module__state__V
  20000204    20000204    00000002   00000000    rw- .data:xdc_runtime_Error_Module__state__V
  20000208    20000208    000013a3   00000000    rw- .data
  200015b0    200015b0    000014c0   00000000    rw- .bss
20004000    20004000    00000400   00000000    rw-
  20004000    20004000    00000400   00000000    rw- .stack


SECTION ALLOCATION MAP

 output                                  attributes/
section   page    origin      length       input sections
--------  ----  ----------  ----------   ----------------
.const:ti_sysbios_heaps_HeapMem_Module__FXNS__C 
*          0    00001000    00000028     
                  00001000    00000028     app_ble_pem3.oem3 (.const:ti_sysbios_heaps_HeapMem_Module__FXNS__C)

.const:ti_sysbios_gates_GateHwi_Module__FXNS__C 
*          0    00001028    00000024     
                  00001028    00000024     app_ble_pem3.oem3 (.const:ti_sysbios_gates_GateHwi_Module__FXNS__C)

.const:ti_sysbios_gates_GateMutex_Module__FXNS__C 
*          0    0000104c    00000024     
                  0000104c    00000024     app_ble_pem3.oem3 (.const:ti_sysbios_gates_GateMutex_Module__FXNS__C)

.const:ti_sysbios_family_arm_m3_Hwi_Object__DESC__C 
*          0    00001070    00000020     
                  00001070    00000020     app_ble_pem3.oem3 (.const:ti_sysbios_family_arm_m3_Hwi_Object__DESC__C)

.const:ti_sysbios_gates_GateHwi_Object__DESC__C 
*          0    00001090    00000020     
                  00001090    00000020     app_ble_pem3.oem3 (.const:ti_sysbios_gates_GateHwi_Object__DESC__C)

.const:ti_sysbios_gates_GateMutex_Object__DESC__C 
*          0    000010b0    00000020     
                  000010b0    00000020     app_ble_pem3.oem3 (.const:ti_sysbios_gates_GateMutex_Object__DESC__C)

.const:ti_sysbios_hal_Hwi_Object__DESC__C 
*          0    000010d0    00000020     
                  000010d0    00000020     app_ble_pem3.oem3 (.const:ti_sysbios_hal_Hwi_Object__DESC__C)

.const:ti_sysbios_heaps_HeapMem_Object__DESC__C 
*          0    000010f0    00000020     
                  000010f0    00000020     app_ble_pem3.oem3 (.const:ti_sysbios_heaps_HeapMem_Object__DESC__C)

.const:ti_sysbios_knl_Clock_Object__DESC__C 
*          0    00001110    00000020     
                  00001110    00000020     app_ble_pem3.oem3 (.const:ti_sysbios_knl_Clock_Object__DESC__C)

.const:ti_sysbios_knl_Event_Object__DESC__C 
*          0    00001130    00000020     
                  00001130    00000020     app_ble_pem3.oem3 (.const:ti_sysbios_knl_Event_Object__DESC__C)

.const:ti_sysbios_knl_Mailbox_Object__DESC__C 
*          0    00001150    00000020     
                  00001150    00000020     app_ble_pem3.oem3 (.const:ti_sysbios_knl_Mailbox_Object__DESC__C)

.const:ti_sysbios_knl_Queue_Object__DESC__C 
*          0    00001170    00000020     
                  00001170    00000020     app_ble_pem3.oem3 (.const:ti_sysbios_knl_Queue_Object__DESC__C)

.const:ti_sysbios_knl_Semaphore_Object__DESC__C 
*          0    00001190    00000020     
                  00001190    00000020     app_ble_pem3.oem3 (.const:ti_sysbios_knl_Semaphore_Object__DESC__C)

.const:ti_sysbios_knl_Swi_Object__DESC__C 
*          0    000011b0    00000020     
                  000011b0    00000020     app_ble_pem3.oem3 (.const:ti_sysbios_knl_Swi_Object__DESC__C)

.const:ti_sysbios_knl_Task_Object__DESC__C 
*          0    000011d0    00000020     
                  000011d0    00000020     app_ble_pem3.oem3 (.const:ti_sysbios_knl_Task_Object__DESC__C)

.const:ti_sysbios_knl_Idle_funcList__C 
*          0    000011f0    00000008     
                  000011f0    00000008     app_ble_pem3.oem3 (.const:ti_sysbios_knl_Idle_funcList__C)

.const:ti_sysbios_family_arm_cc26xx_Timer_startupNeeded__C 
*          0    000011f8    00000004     
                  000011f8    00000004     app_ble_pem3.oem3 (.const:ti_sysbios_family_arm_cc26xx_Timer_startupNeeded__C)

.const:ti_sysbios_family_arm_m3_Hwi_E_alreadyDefined__C 
*          0    000011fc    00000004     
                  000011fc    00000004     app_ble_pem3.oem3 (.const:ti_sysbios_family_arm_m3_Hwi_E_alreadyDefined__C)

.const:ti_sysbios_family_arm_m3_Hwi_E_hwiLimitExceeded__C 
*          0    00001200    00000004     
                  00001200    00000004     app_ble_pem3.oem3 (.const:ti_sysbios_family_arm_m3_Hwi_E_hwiLimitExceeded__C)

.const:ti_sysbios_family_arm_m3_Hwi_NUM_INTERRUPTS__C 
*          0    00001204    00000004     
                  00001204    00000004     app_ble_pem3.oem3 (.const:ti_sysbios_family_arm_m3_Hwi_NUM_INTERRUPTS__C)

.const:ti_sysbios_family_arm_m3_Hwi_Object__count__C 
*          0    00001208    00000004     
                  00001208    00000004     app_ble_pem3.oem3 (.const:ti_sysbios_family_arm_m3_Hwi_Object__count__C)

.const:ti_sysbios_family_arm_m3_Hwi_Object__table__C 
*          0    0000120c    00000004     
                  0000120c    00000004     app_ble_pem3.oem3 (.const:ti_sysbios_family_arm_m3_Hwi_Object__table__C)

.const:ti_sysbios_family_arm_m3_Hwi_ccr__C 
*          0    00001210    00000004     
                  00001210    00000004     app_ble_pem3.oem3 (.const:ti_sysbios_family_arm_m3_Hwi_ccr__C)

.const:ti_sysbios_family_arm_m3_Hwi_excHandlerFunc__C 
*          0    00001214    00000004     
                  00001214    00000004     app_ble_pem3.oem3 (.const:ti_sysbios_family_arm_m3_Hwi_excHandlerFunc__C)

.const:ti_sysbios_family_arm_m3_Hwi_nullIsrFunc__C 
*          0    00001218    00000004     
                  00001218    00000004     app_ble_pem3.oem3 (.const:ti_sysbios_family_arm_m3_Hwi_nullIsrFunc__C)

.const:ti_sysbios_family_arm_m3_Hwi_numSparseInterrupts__C 
*          0    0000121c    00000004     
                  0000121c    00000004     app_ble_pem3.oem3 (.const:ti_sysbios_family_arm_m3_Hwi_numSparseInterrupts__C)

.const:ti_sysbios_family_arm_m3_Hwi_priGroup__C 
*          0    00001220    00000004     
                  00001220    00000004     app_ble_pem3.oem3 (.const:ti_sysbios_family_arm_m3_Hwi_priGroup__C)

.const:ti_sysbios_family_arm_m3_TaskSupport_stackAlignment__C 
*          0    00001224    00000004     
                  00001224    00000004     app_ble_pem3.oem3 (.const:ti_sysbios_family_arm_m3_TaskSupport_stackAlignment__C)

.const:ti_sysbios_heaps_HeapMem_E_memory__C 
*          0    00001228    00000004     
                  00001228    00000004     app_ble_pem3.oem3 (.const:ti_sysbios_heaps_HeapMem_E_memory__C)

.const:ti_sysbios_heaps_HeapMem_Module__gateObj__C 
*          0    0000122c    00000004     
                  0000122c    00000004     app_ble_pem3.oem3 (.const:ti_sysbios_heaps_HeapMem_Module__gateObj__C)

.const:ti_sysbios_heaps_HeapMem_Object__count__C 
*          0    00001230    00000004     
                  00001230    00000004     app_ble_pem3.oem3 (.const:ti_sysbios_heaps_HeapMem_Object__count__C)

.const:ti_sysbios_heaps_HeapMem_Object__table__C 
*          0    00001234    00000004     
                  00001234    00000004     app_ble_pem3.oem3 (.const:ti_sysbios_heaps_HeapMem_Object__table__C)

.const:ti_sysbios_heaps_HeapMem_reqAlign__C 
*          0    00001238    00000004     
                  00001238    00000004     app_ble_pem3.oem3 (.const:ti_sysbios_heaps_HeapMem_reqAlign__C)

.const:ti_sysbios_knl_Clock_triggerClock__C 
*          0    0000123c    00000004     
                  0000123c    00000004     app_ble_pem3.oem3 (.const:ti_sysbios_knl_Clock_triggerClock__C)

.const:ti_sysbios_knl_Mailbox_Object__count__C 
*          0    00001240    00000004     
                  00001240    00000004     app_ble_pem3.oem3 (.const:ti_sysbios_knl_Mailbox_Object__count__C)

.const:ti_sysbios_knl_Mailbox_Object__table__C 
*          0    00001244    00000004     
                  00001244    00000004     app_ble_pem3.oem3 (.const:ti_sysbios_knl_Mailbox_Object__table__C)

.const:ti_sysbios_knl_Mailbox_maxTypeAlign__C 
*          0    00001248    00000004     
                  00001248    00000004     app_ble_pem3.oem3 (.const:ti_sysbios_knl_Mailbox_maxTypeAlign__C)

.const:ti_sysbios_knl_Queue_Object__count__C 
*          0    0000124c    00000004     
                  0000124c    00000004     app_ble_pem3.oem3 (.const:ti_sysbios_knl_Queue_Object__count__C)

.const:ti_sysbios_knl_Queue_Object__table__C 
*          0    00001250    00000004     
                  00001250    00000004     app_ble_pem3.oem3 (.const:ti_sysbios_knl_Queue_Object__table__C)

.const:ti_sysbios_knl_Semaphore_eventPost__C 
*          0    00001254    00000004     
                  00001254    00000004     app_ble_pem3.oem3 (.const:ti_sysbios_knl_Semaphore_eventPost__C)

.const:ti_sysbios_knl_Semaphore_eventSync__C 
*          0    00001258    00000004     
                  00001258    00000004     app_ble_pem3.oem3 (.const:ti_sysbios_knl_Semaphore_eventSync__C)

.const:ti_sysbios_knl_Swi_Object__count__C 
*          0    0000125c    00000004     
                  0000125c    00000004     app_ble_pem3.oem3 (.const:ti_sysbios_knl_Swi_Object__count__C)

.const:ti_sysbios_knl_Swi_Object__table__C 
*          0    00001260    00000004     
                  00001260    00000004     app_ble_pem3.oem3 (.const:ti_sysbios_knl_Swi_Object__table__C)

.const:ti_sysbios_knl_Swi_numPriorities__C 
*          0    00001264    00000004     
                  00001264    00000004     app_ble_pem3.oem3 (.const:ti_sysbios_knl_Swi_numPriorities__C)

.const:ti_sysbios_knl_Task_Object__count__C 
*          0    00001268    00000004     
                  00001268    00000004     app_ble_pem3.oem3 (.const:ti_sysbios_knl_Task_Object__count__C)

.const:ti_sysbios_knl_Task_Object__table__C 
*          0    0000126c    00000004     
                  0000126c    00000004     app_ble_pem3.oem3 (.const:ti_sysbios_knl_Task_Object__table__C)

.const:ti_sysbios_knl_Task_allBlockedFunc__C 
*          0    00001270    00000004     
                  00001270    00000004     app_ble_pem3.oem3 (.const:ti_sysbios_knl_Task_allBlockedFunc__C)

.const:ti_sysbios_knl_Task_defaultStackHeap__C 
*          0    00001274    00000004     
                  00001274    00000004     app_ble_pem3.oem3 (.const:ti_sysbios_knl_Task_defaultStackHeap__C)

.const:ti_sysbios_knl_Task_defaultStackSize__C 
*          0    00001278    00000004     
                  00001278    00000004     app_ble_pem3.oem3 (.const:ti_sysbios_knl_Task_defaultStackSize__C)

.const:ti_sysbios_knl_Task_numConstructedTasks__C 
*          0    0000127c    00000004     
                  0000127c    00000004     app_ble_pem3.oem3 (.const:ti_sysbios_knl_Task_numConstructedTasks__C)

.const:ti_sysbios_family_arm_cc26xx_Timer_Module__id__C 
*          0    00001280    00000002     
                  00001280    00000002     app_ble_pem3.oem3 (.const:ti_sysbios_family_arm_cc26xx_Timer_Module__id__C)

.const:ti_sysbios_family_arm_cc26xx_TimestampProvider_useClockTimer__C 
*          0    00001282    00000002     
                  00001282    00000002     app_ble_pem3.oem3 (.const:ti_sysbios_family_arm_cc26xx_TimestampProvider_useClockTimer__C)

.const:ti_sysbios_family_arm_m3_Hwi_Module__id__C 
*          0    00001284    00000002     
                  00001284    00000002     app_ble_pem3.oem3 (.const:ti_sysbios_family_arm_m3_Hwi_Module__id__C)

.const:ti_sysbios_gates_GateHwi_Module__id__C 
*          0    00001286    00000002     
                  00001286    00000002     app_ble_pem3.oem3 (.const:ti_sysbios_gates_GateHwi_Module__id__C)

.const:ti_sysbios_gates_GateMutex_Module__id__C 
*          0    00001288    00000002     
                  00001288    00000002     app_ble_pem3.oem3 (.const:ti_sysbios_gates_GateMutex_Module__id__C)

.const:ti_sysbios_heaps_HeapMem_Module__id__C 
*          0    0000128a    00000002     
                  0000128a    00000002     app_ble_pem3.oem3 (.const:ti_sysbios_heaps_HeapMem_Module__id__C)

.const:ti_sysbios_knl_Task_initStackFlag__C 
*          0    0000128c    00000002     
                  0000128c    00000002     app_ble_pem3.oem3 (.const:ti_sysbios_knl_Task_initStackFlag__C)

.const:ti_sysbios_knl_Clock_tickMode__C 
*          0    0000128e    00000001     
                  0000128e    00000001     app_ble_pem3.oem3 (.const:ti_sysbios_knl_Clock_tickMode__C)

.const:xdc_runtime_Startup_firstFxns__C 
*          0    00001290    00000008     
                  00001290    00000008     app_ble_pem3.oem3 (.const:xdc_runtime_Startup_firstFxns__C)

.const:xdc_runtime_Startup_lastFxns__C 
*          0    00001298    00000008     
                  00001298    00000008     app_ble_pem3.oem3 (.const:xdc_runtime_Startup_lastFxns__C)

.const:xdc_runtime_Assert_E_assertFailed__C 
*          0    000012a0    00000004     
                  000012a0    00000004     app_ble_pem3.oem3 (.const:xdc_runtime_Assert_E_assertFailed__C)

.const:xdc_runtime_Error_E_memory__C 
*          0    000012a4    00000004     
                  000012a4    00000004     app_ble_pem3.oem3 (.const:xdc_runtime_Error_E_memory__C)

.const:xdc_runtime_Error_policyFxn__C 
*          0    000012a8    00000004     
                  000012a8    00000004     app_ble_pem3.oem3 (.const:xdc_runtime_Error_policyFxn__C)

.const:xdc_runtime_Error_raiseHook__C 
*          0    000012ac    00000004     
                  000012ac    00000004     app_ble_pem3.oem3 (.const:xdc_runtime_Error_raiseHook__C)

.const:xdc_runtime_IGateProvider_Interface__BASE__C 
*          0    000012b0    00000004     
                  000012b0    00000004     app_ble_pem3.oem3 (.const:xdc_runtime_IGateProvider_Interface__BASE__C)

.const:xdc_runtime_IHeap_Interface__BASE__C 
*          0    000012b4    00000004     
                  000012b4    00000004     app_ble_pem3.oem3 (.const:xdc_runtime_IHeap_Interface__BASE__C)

.const:xdc_runtime_IModule_Interface__BASE__C 
*          0    000012b8    00000004     
                  000012b8    00000004     app_ble_pem3.oem3 (.const:xdc_runtime_IModule_Interface__BASE__C)

.const:xdc_runtime_Memory_defaultHeapInstance__C 
*          0    000012bc    00000004     
                  000012bc    00000004     app_ble_pem3.oem3 (.const:xdc_runtime_Memory_defaultHeapInstance__C)

.const:xdc_runtime_Startup_execImpl__C 
*          0    000012c0    00000004     
                  000012c0    00000004     app_ble_pem3.oem3 (.const:xdc_runtime_Startup_execImpl__C)

.const:xdc_runtime_Startup_maxPasses__C 
*          0    000012c4    00000004     
                  000012c4    00000004     app_ble_pem3.oem3 (.const:xdc_runtime_Startup_maxPasses__C)

.const:xdc_runtime_Startup_sfxnRts__C 
*          0    000012c8    00000004     
                  000012c8    00000004     app_ble_pem3.oem3 (.const:xdc_runtime_Startup_sfxnRts__C)

.const:xdc_runtime_Startup_sfxnTab__C 
*          0    000012cc    00000004     
                  000012cc    00000004     app_ble_pem3.oem3 (.const:xdc_runtime_Startup_sfxnTab__C)

.const:xdc_runtime_Startup_startModsFxn__C 
*          0    000012d0    00000004     
                  000012d0    00000004     app_ble_pem3.oem3 (.const:xdc_runtime_Startup_startModsFxn__C)

.const:xdc_runtime_SysCallback_abortFxn__C 
*          0    000012d4    00000004     
                  000012d4    00000004     app_ble_pem3.oem3 (.const:xdc_runtime_SysCallback_abortFxn__C)

.const:xdc_runtime_SysCallback_exitFxn__C 
*          0    000012d8    00000004     
                  000012d8    00000004     app_ble_pem3.oem3 (.const:xdc_runtime_SysCallback_exitFxn__C)

.const:xdc_runtime_System_abortFxn__C 
*          0    000012dc    00000004     
                  000012dc    00000004     app_ble_pem3.oem3 (.const:xdc_runtime_System_abortFxn__C)

.const:xdc_runtime_System_exitFxn__C 
*          0    000012e0    00000004     
                  000012e0    00000004     app_ble_pem3.oem3 (.const:xdc_runtime_System_exitFxn__C)

.const:xdc_runtime_System_maxAtexitHandlers__C 
*          0    000012e4    00000004     
                  000012e4    00000004     app_ble_pem3.oem3 (.const:xdc_runtime_System_maxAtexitHandlers__C)

.const:xdc_runtime_Text_charTab__C 
*          0    000012e8    00000004     
                  000012e8    00000004     app_ble_pem3.oem3 (.const:xdc_runtime_Text_charTab__C)

.const:xdc_runtime_Text_nameEmpty__C 
*          0    000012ec    00000004     
                  000012ec    00000004     app_ble_pem3.oem3 (.const:xdc_runtime_Text_nameEmpty__C)

.const:xdc_runtime_Text_nameStatic__C 
*          0    000012f0    00000004     
                  000012f0    00000004     app_ble_pem3.oem3 (.const:xdc_runtime_Text_nameStatic__C)

.const:xdc_runtime_Text_nameUnknown__C 
*          0    000012f4    00000004     
                  000012f4    00000004     app_ble_pem3.oem3 (.const:xdc_runtime_Text_nameUnknown__C)

.const:xdc_runtime_Error_maxDepth__C 
*          0    000012f8    00000002     
                  000012f8    00000002     app_ble_pem3.oem3 (.const:xdc_runtime_Error_maxDepth__C)

.const:xdc_runtime_Memory_Module__id__C 
*          0    000012fa    00000002     
                  000012fa    00000002     app_ble_pem3.oem3 (.const:xdc_runtime_Memory_Module__id__C)

.const:xdc_runtime_Text_charCnt__C 
*          0    000012fc    00000002     
                  000012fc    00000002     app_ble_pem3.oem3 (.const:xdc_runtime_Text_charCnt__C)

.const:xdc_runtime_Text_isLoaded__C 
*          0    000012fe    00000002     
                  000012fe    00000002     app_ble_pem3.oem3 (.const:xdc_runtime_Text_isLoaded__C)

.const:xdc_runtime_Error_policy__C 
*          0    00001300    00000001     
                  00001300    00000001     app_ble_pem3.oem3 (.const:xdc_runtime_Error_policy__C)

.const:ti_sysbios_rom_ROM_ti_sysbios_family_arm_cc26xx_Timer_getCount64__E 
*          0    00001304    00000004     
                  00001304    00000004     app_ble_pem3.oem3 (.const:ti_sysbios_rom_ROM_ti_sysbios_family_arm_cc26xx_Timer_getCount64__E)

.const:ti_sysbios_rom_ROM_ti_sysbios_family_arm_cc26xx_Timer_getCurrentTick__E 
*          0    00001308    00000004     
                  00001308    00000004     app_ble_pem3.oem3 (.const:ti_sysbios_rom_ROM_ti_sysbios_family_arm_cc26xx_Timer_getCurrentTick__E)

.const:ti_sysbios_rom_ROM_ti_sysbios_family_arm_cc26xx_Timer_getMaxTicks__E 
*          0    0000130c    00000004     
                  0000130c    00000004     app_ble_pem3.oem3 (.const:ti_sysbios_rom_ROM_ti_sysbios_family_arm_cc26xx_Timer_getMaxTicks__E)

.const:ti_sysbios_rom_ROM_ti_sysbios_family_arm_cc26xx_Timer_initDevice__I 
*          0    00001310    00000004     
                  00001310    00000004     app_ble_pem3.oem3 (.const:ti_sysbios_rom_ROM_ti_sysbios_family_arm_cc26xx_Timer_initDevice__I)

.const:ti_sysbios_rom_ROM_ti_sysbios_family_arm_cc26xx_Timer_setNextTick__E 
*          0    00001314    00000004     
                  00001314    00000004     app_ble_pem3.oem3 (.const:ti_sysbios_rom_ROM_ti_sysbios_family_arm_cc26xx_Timer_setNextTick__E)

.const:ti_sysbios_rom_ROM_ti_sysbios_family_arm_cc26xx_Timer_setThreshold__I 
*          0    00001318    00000004     
                  00001318    00000004     app_ble_pem3.oem3 (.const:ti_sysbios_rom_ROM_ti_sysbios_family_arm_cc26xx_Timer_setThreshold__I)

.const:ti_sysbios_rom_ROM_ti_sysbios_family_arm_cc26xx_Timer_start__E 
*          0    0000131c    00000004     
                  0000131c    00000004     app_ble_pem3.oem3 (.const:ti_sysbios_rom_ROM_ti_sysbios_family_arm_cc26xx_Timer_start__E)

.const:ti_sysbios_rom_ROM_ti_sysbios_family_arm_cc26xx_TimestampProvider_get32__E 
*          0    00001320    00000004     
                  00001320    00000004     app_ble_pem3.oem3 (.const:ti_sysbios_rom_ROM_ti_sysbios_family_arm_cc26xx_TimestampProvider_get32__E)

.const:ti_sysbios_rom_ROM_xdc_runtime_Startup_getState__I 
*          0    00001324    00000004     
                  00001324    00000004     app_ble_pem3.oem3 (.const:ti_sysbios_rom_ROM_xdc_runtime_Startup_getState__I)

.const:ti_sysbios_rom_ROM_xdc_runtime_System_SupportProxy_abort__E 
*          0    00001328    00000004     
                  00001328    00000004     app_ble_pem3.oem3 (.const:ti_sysbios_rom_ROM_xdc_runtime_System_SupportProxy_abort__E)

.const:ti_sysbios_rom_ROM_xdc_runtime_System_SupportProxy_exit__E 
*          0    0000132c    00000004     
                  0000132c    00000004     app_ble_pem3.oem3 (.const:ti_sysbios_rom_ROM_xdc_runtime_System_SupportProxy_exit__E)

.data:ti_sysbios_knl_Task_Module__state__V 
*          0    20000100    00000044     UNINITIALIZED
                  20000100    00000044     app_ble_pem3.oem3 (.data:ti_sysbios_knl_Task_Module__state__V)

.data:ti_sysbios_family_arm_m3_Hwi_Module__state__V 
*          0    20000144    00000034     UNINITIALIZED
                  20000144    00000034     app_ble_pem3.oem3 (.data:ti_sysbios_family_arm_m3_Hwi_Module__state__V)

.data:ti_sysbios_knl_Clock_Module__state__V 
*          0    20000178    0000002c     UNINITIALIZED
                  20000178    0000002c     app_ble_pem3.oem3 (.data:ti_sysbios_knl_Clock_Module__state__V)

.data:ti_sysbios_BIOS_Module__state__V 
*          0    200001a4    00000024     UNINITIALIZED
                  200001a4    00000024     app_ble_pem3.oem3 (.data:ti_sysbios_BIOS_Module__state__V)

.data:ti_sysbios_knl_Swi_Module__state__V 
*          0    200001c8    0000001c     UNINITIALIZED
                  200001c8    0000001c     app_ble_pem3.oem3 (.data:ti_sysbios_knl_Swi_Module__state__V)

.data:ti_sysbios_family_arm_cc26xx_Timer_Module__state__V 
*          0    200001e4    00000008     UNINITIALIZED
                  200001e4    00000008     app_ble_pem3.oem3 (.data:ti_sysbios_family_arm_cc26xx_Timer_Module__state__V)

.data:ti_sysbios_family_arm_cc26xx_TimestampProvider_Module__state__V 
*          0    200001ec    00000004     UNINITIALIZED
                  200001ec    00000004     app_ble_pem3.oem3 (.data:ti_sysbios_family_arm_cc26xx_TimestampProvider_Module__state__V)

.data:xdc_runtime_Startup_Module__state__V 
*          0    200001f0    00000008     UNINITIALIZED
                  200001f0    00000008     app_ble_pem3.oem3 (.data:xdc_runtime_Startup_Module__state__V)

.data:xdc_runtime_System_Module__state__V 
*          0    200001f8    00000008     UNINITIALIZED
                  200001f8    00000008     app_ble_pem3.oem3 (.data:xdc_runtime_System_Module__state__V)

.data:xdc_runtime_Memory_Module__state__V 
*          0    20000200    00000004     UNINITIALIZED
                  20000200    00000004     app_ble_pem3.oem3 (.data:xdc_runtime_Memory_Module__state__V)

.data:xdc_runtime_Error_Module__state__V 
*          0    20000204    00000002     UNINITIALIZED
                  20000204    00000002     app_ble_pem3.oem3 (.data:xdc_runtime_Error_Module__state__V)

.bootVecs 
*          0    00000000    00000008     DSECT
                  00000000    00000008     boot.aem3 : boot.oem3 (.bootVecs)

.resetVecs 
*          0    00000000    0000003c     
                  00000000    0000003c     app_ble_pem3.oem3 (.resetVecs)

.vecs      0    20000000    000000c8     NOLOAD SECTION
                  20000000    000000c8     app_ble_pem3.oem3 (.vecs)

xdc.meta   0    00000000    00000117     COPY SECTION
                  00000000    00000117     app_ble_pem3.oem3 (xdc.meta)

xdc.noload 
*          0    00000000    00000000     COPY SECTION

.cinit     0    00013910    000003e4     
                  00013910    0000029b     (.cinit..data.load) [load image, compression = lzss]
                  00013bab    00000028     (.cinit..data:ti_sysbios_family_arm_m3_Hwi_Module__state__V.load) [load image, compression = lzss]
                  00013bd3    00000021     (.cinit..data:ti_sysbios_knl_Task_Module__state__V.load) [load image, compression = lzss]
                  00013bf4    0000001f     (.cinit..data:ti_sysbios_BIOS_Module__state__V.load) [load image, compression = lzss]
                  00013c13    0000001e     (.cinit..data:ti_sysbios_knl_Clock_Module__state__V.load) [load image, compression = lzss]
                  00013c31    00000010     (.cinit..data:ti_sysbios_knl_Swi_Module__state__V.load) [load image, compression = lzss]
                  00013c41    00000003     --HOLE-- [fill = 0]
                  00013c44    0000000c     (__TI_handler_table)
                  00013c50    0000000b     (.cinit..data:ti_sysbios_family_arm_cc26xx_Timer_Module__state__V.load) [load image, compression = lzss]
                  00013c5b    00000005     --HOLE-- [fill = 0]
                  00013c60    00000008     (.cinit..bss.load) [load image, compression = zero_init]
                  00013c68    00000008     (.cinit..data:xdc_runtime_Memory_Module__state__V.load) [load image, compression = lzss]
                  00013c70    00000007     (.cinit..data:ti_sysbios_family_arm_cc26xx_TimestampProvider_Module__state__V.load) [load image, compression = lzss]
                  00013c77    00000007     (.cinit..data:xdc_runtime_Startup_Module__state__V.load) [load image, compression = lzss]
                  00013c7e    00000007     (.cinit..data:xdc_runtime_System_Module__state__V.load) [load image, compression = lzss]
                  00013c85    00000006     (.cinit..data:xdc_runtime_Error_Module__state__V.load) [load image, compression = lzss]
                  00013c8b    00000001     --HOLE-- [fill = 0]
                  00013c8c    00000068     (__TI_cinit_table)

.init_array 
*          0    00000000    00000000     UNINITIALIZED

.snvSectors 
*          0    0001d000    00002000     
                  0001d000    00002000     peripheral_bidirectional_audio_cc2640r2lp_stack_library.lib : osal_snv_wrapper.obj (.snvSectors:retain)

.ccfg      0    0001ffa8    00000058     
                  0001ffa8    00000058     ccfg_app_ble.obj (.ccfg:retain)

.data      0    20000208    000013a3     UNINITIALIZED
                  20000208    00000460     peripheral_bidirectional_audio.obj (.data:$O4$$)
                  20000668    00000420     peripheral.obj (.data:$O16$$)
                  20000a88    00000174     peripheral_bidirectional_audio_cc2640r2lp_stack_library.lib : gapbondmgr.obj (.data:$O23$$)
                  20000bfc    00000114     drivers_cc26x0r2.aem3 : PINCC26XX.oem3 (.data:$O1$$)
                  20000d10    00000114                           : PowerCC26XX.oem3 (.data:PowerCC26XX_module)
                  20000e24    000000e0     audio_profile_dle.obj (.data:$O14$$)
                  20000f04    000000bc     I2SCC26XX.obj (.data:$O1$$)
                  20000fc0    000000b4     icall.obj (.data:$O10$$)
                  20001074    00000088     audio_duplex.obj (.data:$O1$$)
                  200010fc    0000007c     peripheral_bidirectional_audio_cc2640r2lp_stack_library.lib : osal_cbtimer.obj (.data:$O19$$)
                  20001178    00000070     cc26xx_profiles_pxxx.a : gapgattserver.o (.data)
                  200011e8    0000004c     app_ble_pem3.oem3 (.data:ti_sysbios_knl_Task_Object__table__V)
                  20001234    00000048     board_key.obj (.data:$O2$$)
                  2000127c    00000004     peripheral_bidirectional_audio_cc2640r2lp_stack_library.lib : osal_pwrmgr.obj (.data:$O20$$)
                  20001280    00000048     app_ble_pem3.oem3 (.data:ti_sysbios_family_arm_cc26xx_Timer_Object__table__V)
                  200012c8    00000038     app_ble_pem3.oem3 (.data:ti_sysbios_gates_GateMutex_Object__table__V)
                  20001300    00000030     cc2640_ll_pxxx.a : ll_config.o (.data)
                  20001330    00000030     app_ble_pem3.oem3 (.data:ti_sysbios_knl_Swi_Module_State_0_readyQ__A)
                  20001360    00000030     app_ble_pem3.oem3 (.data:ti_sysbios_knl_Swi_Object__table__V)
                  20001390    00000030     app_ble_pem3.oem3 (.data:ti_sysbios_knl_Task_Module_State_0_readyQ__A)
                  200013c0    0000002c     peripheral_bidirectional_audio_cc2640r2lp_stack_library.lib : osal.obj (.data:$O18$$)
                  200013ec    00000024     cc26xx_profiles_pxxx.a : gapgattserver.o (.data)
                  20001410    00000020     app_ble_pem3.oem3 (.data:ti_sysbios_knl_Clock_Object__table__V)
                  20001430    00000020     app_ble_pem3.oem3 (.data:xdc_runtime_Error_IgnoreBlock)
                  20001450    00000018     audiocodec.obj (.data:$O5$$)
                  20001468    00000018     app_ble_pem3.oem3 (.data:ti_sysbios_family_arm_m3_Hwi_Object__table__V)
                  20001480    00000010     icall_user_config.obj (.data:bleAppServiceInfoTable)
                  20001490    00000010     cc26xx_profiles_pxxx.a : gattservapp.o (.data)
                  200014a0    00000010     icall_api_lite.obj (.data)
                  200014b0    00000010     ble_user_config.obj (.data:rfRegTbl)
                  200014c0    00000010     main.obj (.data:user0Cfg)
                  200014d0    0000000c     app_ble_pem3.oem3 (.data:ti_sysbios_heaps_HeapCallback_Object__table__V)
                  200014dc    00000008     icall_cc2650.obj (.data:$O12$$)
                  200014e4    00000008     audio_client_disc.obj (.data:$O13$$)
                  200014ec    00000008     peripheral_bidirectional_audio_cc2640r2lp_stack_library.lib : osal_clock.obj (.data:$O25$$)
                  200014f4    00000008     rtsv7M3_T_le_eabi.lib : _lock.c.obj (.data:$O28$$)
                  200014fc    00000008     hal_assert.obj (.data:$O3$$)
                  20001504    00000008     ECCROMCC26XX.obj (.data:$O8$$)
                  2000150c    00000008     cc2640_ll_pxxx.a : ll_data.o (.data)
                  20001514    00000008     app_ble_pem3.oem3 (.data:ti_sysbios_family_arm_m3_Hwi_Module__root__V)
                  2000151c    00000008     app_ble_pem3.oem3 (.data:ti_sysbios_gates_GateHwi_Module__root__V)
                  20001524    00000008     app_ble_pem3.oem3 (.data:ti_sysbios_gates_GateMutex_Module__root__V)
                  2000152c    00000008     app_ble_pem3.oem3 (.data:ti_sysbios_hal_Hwi_Module__root__V)
                  20001534    00000008     app_ble_pem3.oem3 (.data:ti_sysbios_heaps_HeapCallback_Module__root__V)
                  2000153c    00000008     app_ble_pem3.oem3 (.data:ti_sysbios_heaps_HeapMem_Module__root__V)
                  20001544    00000008     app_ble_pem3.oem3 (.data:ti_sysbios_knl_Clock_Module__root__V)
                  2000154c    00000008     app_ble_pem3.oem3 (.data:ti_sysbios_knl_Event_Module__root__V)
                  20001554    00000008     app_ble_pem3.oem3 (.data:ti_sysbios_knl_Mailbox_Module__root__V)
                  2000155c    00000008     app_ble_pem3.oem3 (.data:ti_sysbios_knl_Queue_Module__root__V)
                  20001564    00000008     app_ble_pem3.oem3 (.data:ti_sysbios_knl_Semaphore_Module__root__V)
                  2000156c    00000008     app_ble_pem3.oem3 (.data:ti_sysbios_knl_Swi_Module__root__V)
                  20001574    00000008     app_ble_pem3.oem3 (.data:ti_sysbios_knl_Task_Module__root__V)
                  2000157c    00000008     app_ble_pem3.oem3 (.data:xdc_runtime_Registry_Module__state__V)
                  20001584    00000004     ble_user_config.obj (.data)
                  20001588    00000004     peripheral_bidirectional_audio_cc2640r2lp_stack_library.lib : ble_user_config.obj (.data)
                  2000158c    00000004                                                                 : osal_bufmgr.obj (.data)
                  20001590    00000004     rtsv7M3_T_le_eabi.lib : stkdepth_vars.c.obj (.data)
                  20001594    00000004     app_ble_pem3.oem3 (.data:ti_sysbios_family_arm_m3_Hwi_Module_State_0_excContext__A)
                  20001598    00000004     app_ble_pem3.oem3 (.data:ti_sysbios_family_arm_m3_Hwi_Module_State_0_excStack__A)
                  2000159c    00000004     app_ble_pem3.oem3 (.data:ti_sysbios_knl_Task_Module_State_0_idleTask__A)
                  200015a0    00000002     audio_profile_dle.obj (.data)
                  200015a2    00000002     app_ble_pem3.oem3 (.data:ti_sysbios_family_arm_m3_Hwi_Module_State_0_excActive__A)
                  200015a4    00000001     TRNGCC26XX.obj (.data)
                  200015a5    00000001     cc26xx_gatt_pxxx.a : gatt_client.o (.data)
                  200015a6    00000001     cc26xx_profiles_pxxx.a : gapgattserver.o (.data)
                  200015a7    00000001                            : gapgattserver.o (.data)
                  200015a8    00000001                            : gapgattserver.o (.data)
                  200015a9    00000001     drivers_cc26x0r2.aem3 : I2C.oem3 (.data)
                  200015aa    00000001                           : UART.oem3 (.data)

.bss       0    200015b0    000014c0     UNINITIALIZED
                  200015b0    00000ad4     (.common:sbc_mem)
                  20002084    00000004     cc26xx_att_pxxx.a : att_client.o (.bss)
                  20002088    000002a8     RFCC26XX_singleMode.obj (.bss:$O9$$)
                  20002330    00000200     app_ble_pem3.oem3 (.bss:taskStackSection)
                  20002530    0000012c     (.common:uartCC26XXObjects)
                  2000265c    000000e0     (.common:i2cCC26xxObjects)
                  2000273c    000000c8     (.common:ti_sysbios_family_arm_m3_Hwi_dispatchTable)
                  20002804    0000009c     (.common:i2sCC26XXObject)
                  200028a0    00000080     board.obj (.bss:uartStringBuf$19)
                  20002920    00000080     (.common:cryptoCC26XXObjects)
                  200029a0    00000020     (.common:uartCC26XXRingBuffer)
                  200029c0    0000001c     drivers_cc26x0r2.aem3 : CryptoCC26XX.oem3 (.bss:CryptoSem)
                  200029dc    00000014     driverlib.lib : osc.obj (.bss:oscHfGlobals$68)
                  200029f0    00000010     util.obj (.bss:str$1$4)
                  20002a00    0000000c     peripheral_bidirectional_audio_cc2640r2lp_stack_library.lib : osal_timers.obj (.bss:$O22$$)
                  20002a0c    0000000c     cc2640_ll_pxxx.a : ll_scheduler.o (.bss)
                  20002a18    0000000c     (.common:displayUartObject)
                  20002a24    00000008     dpl_cc26x0r2.aem3 : PowerCC26XX_tirtos.oem3 (.bss:$O1$$)
                  20002a2c    00000008     peripheral_bidirectional_audio_cc2640r2lp_stack_library.lib : osal_snv_wrapper.obj (.bss:$O21$$)
                  20002a34    00000008     Codec1.obj (.bss:$O6$$)
                  20002a3c    00000008     audio_duplex.obj (.bss:i2sStream$0)
                  20002a44    00000008     driverlib.lib : sys_ctrl.obj (.bss:powerQualGlobals$70)
                  20002a4c    00000004     cc26xx_gatt_pxxx.a : gatt_client.o (.bss)
                  20002a50    00000004     cc26xx_profiles_pxxx.a : gapgattserver.o (.bss)
                  20002a54    00000004     (.common:ClockP_tickPeriod)
                  20002a58    00000004     (.common:g_pControlTable)
                  20002a5c    00000004     (.common:tasksEvents)
                  20002a60    00000004     (.common:trngCC26XXObjects)
                  20002a64    00000002     RFCC26XX_singleMode.obj (.bss)
                  20002a66    00000002     drivers_cc26x0r2.aem3 : UARTCC26XX.oem3 (.bss)
                  20002a68    00000001     cc2640_hci_tl_none.a : hci_tl.o (.bss)
                  20002a69    00000001                          : hci_tl.o (.bss)
                  20002a6a    00000001                          : hci_tl.o (.bss)
                  20002a6b    00000001                          : hci_tl.o (.bss)
                  20002a6c    00000001                          : hci_tl.o (.bss)
                  20002a6d    00000001     (.common:driverlib_release_0_49664)
                  20002a6e    00000001     (.common:g_hwiInt)
                  20002a6f    00000001     (.common:icall_liteTaskId)

.vtable    0    20002a70    00000000     UNINITIALIZED

.vtable_ram 
*          0    20002a70    00000000     UNINITIALIZED

vtable_ram 
*          0    20002a70    00000000     UNINITIALIZED

.sysmem    0    20002a70    00000000     UNINITIALIZED

.nonretenvar 
*          0    20002a70    00000000     UNINITIALIZED

.stack     0    20004000    00000400     UNINITIALIZED
                  20004000    00000400     --HOLE--

.text.1    0    0000003c    00000fc4     
                  0000003c    00000db4     peripheral_bidirectional_audio.obj (.text:PeripheralAudio_taskFxn$3)
                  00000df0    00000008     (.tramp.ti_sysbios_knl_Queue_construct.1)
                  00000df8    00000008     (.tramp.ti_sysbios_knl_Event_pend__E.1)
                  00000e00    00000008     ble_r2.symbols (.tramp.GATT_bm_free.1)
                  00000e08    00000008     (.tramp.ti_sysbios_knl_Queue_empty__E.1)
                  00000e10    00000008     (.tramp.ti_sysbios_knl_Queue_get__E.1)
                  00000e18    000001dc     RFCC26XX_singleMode.obj (.text:fsmSetupState$8)
                  00000ff4    0000000c     drivers_cc26x0r2.aem3 : CryptoCC26XX.oem3 (.text:CryptoCC26XX_init)

.text.2    0    00001330    00010ea4     
                  00001330    000005c0     cc2640_ll_pxxx.a : ll.o (.text)
                  000018f0    00000570     peripheral.obj (.text:gapRole_taskFxn$17)
                  00001e60    000004f4     peripheral_bidirectional_audio_cc2640r2lp_stack_library.lib : icall_startup.obj (.text:startup_entry)
                  00002354    0000044a     cc26xx_mSBC_library.lib : sbc.obj (.text:sbc_calculate_bits$48)
                  0000279e    00000002     ble_user_config.obj (.text:DefaultAssertCback)
                  000027a0    000003fc     audio_duplex.obj (.text:AudioDuplex_eventHandler)
                  00002b9c    00000348     cc26xx_mSBC_library.lib : sbc.obj (.text:msbc_pack_frame$48)
                  00002ee4    00000340     RFCC26XX_singleMode.obj (.text:fsmActiveState$8)
                  00003224    00000338     cc26xx_mSBC_library.lib : sbc.obj (.text:sbc_decode)
                  0000355c    00000320     rom_sysbios.aem3 : rom_sysbios.obj (.text:xdc_runtime_System_doPrint__I)
                  0000387c    00000314     drivers_cc26x0r2.aem3 : PowerCC26XX_calibrateRCOSC.oem3 (.text:PowerCC26XX_auxISR)
                  00003b90    00000300     cc2640_ll_pxxx.a : ll_scheduler.o (.text)
                  00003e90    000002f4     I2SCC26XX.obj (.text:I2SCC26XX_open)
                  00004184    000002e4     cc2640_ll_pxxx.a : ll.o (.text)
                  00004468    000002a0     audio_duplex.obj (.text:AudioDuplex_processData)
                  00004708    00000294     peripheral.obj (.text:GAPRole_SetParameter)
                  0000499c    00000258     drivers_cc26x0r2.aem3 : CryptoCC26XX.oem3 (.text:cryptoTransactionExecute)
                  00004bf4    0000024e     cc26xx_mSBC_library.lib : sbc_primitives.obj (.text:sbc_enc_process_input_8s_le$49)
                  00004e42    00000002     display.aem3 : DisplayUart.oem3 (.text:DisplayUartMin_clear)
                  00004e44    00000244     drivers_cc26x0r2.aem3 : PowerCC26XX.oem3 (.text:Power_sleep)
                  00005088    00000238     cc26xx_profiles_pxxx.a : gapgattserver.o (.text)
                  000052c0    0000022c     peripheral_bidirectional_audio_cc2640r2lp_stack_library.lib : gapbondmgr.obj (.text:GAPBondMgr_SetParameter)
                  000054ec    00000220     driverlib.lib : sys_ctrl.obj (.text:NOROM_SysCtrlSetRechargeBeforePowerDown)
                  0000570c    00000220     cc2640_ll_pxxx.a : ll_isr.o (.text)
                  0000592c    0000021c     RFCC26XX_singleMode.obj (.text:RF_open)
                  00005b48    00000214     cc2640_ll_pxxx.a : ll_common.o (.text)
                  00005d5c    00000212     cc26xx_mSBC_library.lib : sbc_primitives.obj (.text:sbc_analyze_1b_8s_simd_even$49)
                  00005f6e    00000212                             : sbc_primitives.obj (.text:sbc_analyze_1b_8s_simd_odd$49)
                  00006180    00000204     cc26xx_profiles_pxxx.a : gattservapp.o (.text)
                  00006384    00000204     cc26xx_sm_pxxx.a : sm_pairing.o (.text)
                  00006588    000001e4     peripheral_bidirectional_audio_cc2640r2lp_stack_library.lib : gapbondmgr.obj (.text:GAPBondMgr_ProcessGAPMsg)
                  0000676c    000001d8     I2SCC26XX.obj (.text:I2SCC26XX_hwiFxn)
                  00006944    000001d0     peripheral_bidirectional_audio_cc2640r2lp_stack_library.lib : gapbondmgr.obj (.text:gapBondMgrAddBond$35)
                  00006b14    000001c8                                                                 : gapbondmgr.obj (.text:GAPBondMgr_ProcessEvent)
                  00006cdc    000001c4     cc2640_ll_pxxx.a : ll_isr.o (.text)
                  00006ea0    000001c0     cc26xx_mSBC_library.lib : sbc.obj (.text:sbc_unpack_frame_internal$48)
                  00007060    000001bc     drivers_cc26x0r2.aem3 : PINCC26XX.oem3 (.text:PIN_init)
                  0000721c    000001ac     RFCC26XX_singleMode.obj (.text:hwiFxnCpe0Active$8)
                  000073c8    000001a8     cc2640_ll_pxxx.a : ll_isr.o (.text)
                  00007570    000001a4     audio_duplex.obj (.text:AudioDuplex_startStreaming)
                  00007714    00000198     icall.obj (.text:icall_directAPI)
                  000078ac    00000194     ECCROMCC26XX.obj (.text:ECCROMCC26XX_genDHKey)
                  00007a40    00000194     I2SCC26XX.obj (.text:I2SCC26XX_startStream)
                  00007bd4    00000190     drivers_cc26x0r2.aem3 : PowerCC26XX_calibrateRCOSC.oem3 (.text:PowerCC26XX_doCalibrate)
                  00007d64    00000190     peripheral_bidirectional_audio_cc2640r2lp_stack_library.lib : gapbondmgr.obj (.text:gapBondMgrAuthenticate$35)
                  00007ef4    00000174     cc26xx_gatt_pxxx.a : gatt_client.o (.text)
                  00008068    0000016c     cc2640_ll_pxxx.a : ll.o (.text)
                  000081d4    00000160     cc26xx_gatt_pxxx.a : gatt_client.o (.text)
                  00008334    0000015c     drivers_cc26x0r2.aem3 : UARTCC26XX.oem3 (.text:UARTCC26XX_open)
                  00008490    00000154                           : I2CCC26XX.oem3 (.text:I2CCC26XX_open)
                  000085e4    00000140     main.obj (.text:AssertHandler)
                  00008724    0000012c     drivers_cc26x0r2.aem3 : PowerCC26XX.oem3 (.text:Power_init)
                  00008850    00000128     ECCROMCC26XX.obj (.text:ECCROMCC26XX_genKeys)
                  00008978    00000128     cc2640_ll_pxxx.a : ll_scheduler.o (.text)
                  00008aa0    00000124     peripheral.obj (.text:GAPRole_GetParameter)
                  00008bc4    00000124     peripheral_bidirectional_audio_cc2640r2lp_stack_library.lib : gapbondmgr.obj (.text:gapBondMgrEraseBonding$35)
                  00008ce8    0000011c     drivers_cc26x0r2.aem3 : UARTCC26XX.oem3 (.text:UARTCC26XX_read)
                  00008e04    00000118     peripheral_bidirectional_audio_cc2640r2lp_stack_library.lib : osal_snv_wrapper.obj (.text:osal_snv_write)
                  00008f1c    00000112     drivers_cc26x0r2.aem3 : UARTCC26XX.oem3 (.text:UARTCC26XX_hwiIntFxn)
                  0000902e    00000112     cc26xx_gatt_pxxx.a : gatt_server.o (.text)
                  00009140    00000108     audio_duplex.obj (.text:AudioDuplex_stopStreaming)
                  00009248    00000108     app_ble_pem3.oem3 (.text:xdc_runtime_System_printfExtend__I)
                  00009350    00000104     I2SCC26XX.obj (.text:I2SCC26XX_initIO)
                  00009454    00000100     drivers_cc26x0r2.aem3 : I2CCC26XX.oem3 (.text:I2CCC26XX_hwiFxn)
                  00009554    00000100     RFCC26XX_singleMode.obj (.text:radioOpDoneCb$8)
                  00009654    000000fc     RFCC26XX_singleMode.obj (.text:RF_postCmd)
                  00009750    000000fc     drivers_cc26x0r2.aem3 : UARTCC26XX.oem3 (.text:UARTCC26XX_write)
                  0000984c    000000f4     peripheral_bidirectional_audio_cc2640r2lp_stack_library.lib : osal_snv_wrapper.obj (.text:compactPage$32)
                  00009940    000000ec                                                                 : gapbondmgr.obj (.text:GAPBondMgr_LinkEst)
                  00009a2c    000000ec     icall.obj (.text:ICall_heapMalloc)
                  00009b18    000000ec     RFCC26XX_singleMode.obj (.text:RF_pendCmd)
                  00009c04    000000ec     cc26xx_profiles_pxxx.a : gattservapp.o (.text)
                  00009cf0    000000ec     RFCC26XX_singleMode.obj (.text:fsmPowerUpState$8)
                  00009ddc    000000e8     dpl_cc26x0r2.aem3 : PowerCC26XX_tirtos.oem3 (.text:PowerCC26XX_standbyPolicy)
                  00009ec4    000000e8     peripheral_bidirectional_audio_cc2640r2lp_stack_library.lib : osal_timers.obj (.text:osalTimerUpdate)
                  00009fac    000000e4     cc26xx_gatt_pxxx.a : gatt_client.o (.text)
                  0000a090    000000e4     cc26xx_sm_pxxx.a : sm_pairing.o (.text)
                  0000a174    000000dc     drivers_cc26x0r2.aem3 : PINCC26XX.oem3 (.text:PINCC26XX_setIoCfg)
                  0000a250    000000d8     main.obj (.text:main)
                  0000a328    000000d4     drivers_cc26x0r2.aem3 : CryptoCC26XX.oem3 (.text:CryptoCC26XX_open)
                  0000a3fc    000000c8     I2SCC26XX.obj (.text:I2SCC26XX_requestBuffer)
                  0000a4c4    000000c4     cc26xx_sm_pxxx.a : sm_pairing.o (.text)
                  0000a588    000000c0     drivers_cc26x0r2.aem3 : I2CCC26XX.oem3 (.text:I2CCC26XX_transfer)
                  0000a648    000000c0     peripheral_bidirectional_audio_cc2640r2lp_stack_library.lib : osal.obj (.text:osal_set_event)
                  0000a708    000000bc     drivers_cc26x0r2.aem3 : PowerCC26XX.oem3 (.text:Power_releaseDependency)
                  0000a7c4    000000b8     driverlib.lib : setup.obj (.text:NOROM_SetupTrimDevice)
                  0000a87c    000000b8     cc2640_ll_pxxx.a : ll_scheduler.o (.text)
                  0000a934    000000b4     drivers_cc26x0r2.aem3 : PowerCC26XX.oem3 (.text:Power_setDependency)
                  0000a9e8    000000b0     TRNGCC26XX.obj (.text:TRNGCC26XX_getNumber)
                  0000aa98    000000b0     drivers_cc26x0r2.aem3 : UARTCC26XX.oem3 (.text:UARTCC26XX_initHw)
                  0000ab48    000000b0     RFCC26XX_singleMode.obj (.text:abortCmd$8)
                  0000abf8    000000a8     Codec1.obj (.text:Codec1_encodeSingle)
                  0000aca0    000000a8     cc26xx_gatt_pxxx.a : gatt_client.o (.text)
                  0000ad48    000000a8     RFCC26XX_singleMode.obj (.text:swiFxnHw$8)
                  0000adf0    000000a6     rom_sysbios.aem3 : rom_sysbios.obj (.text:xdc_runtime_Text_putSite__E)
                  0000ae96    00000002     display.aem3 : DisplayUart.oem3 (.text:DisplayUartMin_clearLines)
                  0000ae98    000000a4     peripheral_bidirectional_audio_cc2640r2lp_stack_library.lib : gapbondmgr.obj (.text:GAPBondMgr_ResolveAddr)
                  0000af3c    000000a4     I2SCC26XX.obj (.text:I2SCC26XX_initHw)
                  0000afe0    000000a4     peripheral_bidirectional_audio_cc2640r2lp_stack_library.lib : osal.obj (.text:osal_msg_enqueue_push$27)
                  0000b084    000000a4     drivers_cc26x0r2.aem3 : PowerCC26XX.oem3 (.text:switchXOSCHFclockFunc)
                  0000b128    000000a0     audio_duplex.obj (.text:AudioDuplex_sendStopCmd$0)
                  0000b1c8    000000a0     auto_init.aem3 : auto_init.oem3 (.text)
                  0000b268    000000a0     RFCC26XX_singleMode.obj (.text:discardPendCmd$8)
                  0000b308    0000009e     audio_profile_dle.obj (.text:audioProfile_WriteAttrCB$16)
                  0000b3a6    0000009e     peripheral_bidirectional_audio_cc2640r2lp_stack_library.lib : gapbondmgr.obj (.text:gapBondMgrUpdateCharCfg$35)
                  0000b444    0000009c     audio_duplex.obj (.text:AudioDuplex_stopI2Sstream$0)
                  0000b4e0    0000009c     peripheral_bidirectional_audio_cc2640r2lp_stack_library.lib : osal_cbtimer.obj (.text:cbTimerSetup$29)
                  0000b57c    0000009c                                                                 : osal_cbtimer.obj (.text:osal_CbTimerProcessEvent)
                  0000b618    0000009c     rtsv7M3_T_le_eabi.lib : memcpy_t2.asm.obj (.text)
                  0000b6b4    00000098     drivers_cc26x0r2.aem3 : PINCC26XX.oem3 (.text:PIN_open)
                  0000b74c    00000098                           : UARTCC26XX.oem3 (.text:UARTCC26XX_initIO)
                  0000b7e4    00000098     rom_sysbios.aem3 : rom_sysbios.obj (.text:ti_sysbios_knl_Clock_workFuncDynamic__E)
                  0000b87c    00000098                      : rom_sysbios.obj (.text:xdc_runtime_Text_putMod__E)
                  0000b914    00000096     rtsv7M3_T_le_eabi.lib : ull_div_t2.asm.obj (.text)
                  0000b9aa    00000002     display.aem3 : DisplayUart.oem3 (.text:DisplayUartMin_init)
                  0000b9ac    00000094     peripheral_bidirectional_audio_cc2640r2lp_stack_library.lib : osal_timers.obj (.text:osal_timer_refTimeUpdate)
                  0000ba40    00000090     drivers_cc26x0r2.aem3 : I2CCC26XX.oem3 (.text:I2CCC26XX_cancel)
                  0000bad0    00000090     icall.obj (.text:ICall_setTimer)
                  0000bb60    00000090     driverlib.lib : crypto.obj (.text:NOROM_CRYPTOAesLoadKey)
                  0000bbf0    00000090                   : i2s.obj (.text:NOROM_I2SChannelConfigure)
                  0000bc80    00000090                   : setup.obj (.text:TrimAfterColdResetWakeupFromShutDown$24)
                  0000bd10    00000090     cc2640_hci_tl_none.a : hci_tl.o (.text)
                  0000bda0    00000090     cc2640_ll_pxxx.a : ll_enc.o (.text)
                  0000be30    00000090     peripheral_bidirectional_audio_cc2640r2lp_stack_library.lib : osal.obj (.text:osal_msg_receive)
                  0000bec0    0000008c     Codec1.obj (.text:Codec1_decodeSingle)
                  0000bf4c    0000008c     drivers_cc26x0r2.aem3 : I2CCC26XX.oem3 (.text:I2CCC26XX_primeTransfer)
                  0000bfd8    0000008c     I2SCC26XX.obj (.text:I2SCC26XX_close)
                  0000c064    0000008c     I2SCC26XX.obj (.text:I2SCC26XX_stopStream)
                  0000c0f0    0000008c     drivers_cc26x0r2.aem3 : UARTCC26XX.oem3 (.text:UARTCC26XX_close)
                  0000c17c    0000008c                           : UARTCC26XX.oem3 (.text:UARTCC26XX_writeCancel)
                  0000c208    0000008c     cc26xx_gatt_pxxx.a : gatt_client.o (.text)
                  0000c294    0000008c                        : gatt_client.o (.text)
                  0000c320    0000008c     RFCC26XX_singleMode.obj (.text:ratFreeChannel$8)
                  0000c3ac    0000008c     drivers_cc26x0r2.aem3 : UARTCC26XX.oem3 (.text:writeFinishedDoCallback)
                  0000c438    0000008a     cc26xx_mSBC_library.lib : sbc_primitives.obj (.text:sbc_calc_scalefactors$49)
                  0000c4c2    00000088     drivers_cc26x0r2.aem3 : CryptoCC26XX.oem3 (.text:CryptoCC26XX_allocateKey)
                  0000c54a    00000002     peripheral_bidirectional_audio_cc2640r2lp_stack_library.lib : onboard.obj (.text:Onboard_soft_reset)
                  0000c54c    00000088     cc2640_ll_pxxx.a : ll.o (.text)
                  0000c5d4    00000088     cc26xx_profiles_pxxx.a : gapgattserver.o (.text)
                  0000c65c    00000088     peripheral.obj (.text:gapRole_startConnUpdate$17)
                  0000c6e4    00000088     peripheral_bidirectional_audio_cc2640r2lp_stack_library.lib : gattservapp_util.obj (.text:gattServApp_SendNotiInd$36)
                  0000c76c    00000088     RFCC26XX_singleMode.obj (.text:hwiFxnHw$8)
                  0000c7f4    00000086     cc2640_ll_pxxx.a : ll_common.o (.text)
                  0000c87a    00000002     peripheral_bidirectional_audio_cc2640r2lp_stack_library.lib : sm_ecc.obj (.text:SM_dhKeyCB)
                  0000c87c    00000084                                                                 : gattservapp_util.obj (.text:GATTServApp_ProcessCharCfg)
                  0000c900    00000084                                                                 : osal_snv_wrapper.obj (.text:writeWord$32)
                  0000c984    0000007e     cc26xx_gatt_pxxx.a : gatt_client.o (.text)
                  0000ca02    00000002     peripheral_bidirectional_audio_cc2640r2lp_stack_library.lib : sm_ecc.obj (.text:SM_p256KeyCB)
                  0000ca04    0000007c     icall.obj (.text:ICall_heapInit)
                  0000ca80    0000007c     cc2640_hci_pxxx.a : hci_event.o (.text)
                  0000cafc    0000007c     cc2640_ll_pxxx.a : ll_scheduler.o (.text)
                  0000cb78    0000007c     cc26xx_gap_pxxx.a : gap_linkmgr.o (.text)
                  0000cbf4    0000007c     cc26xx_gatt_pxxx.a : gatt_client.o (.text)
                  0000cc70    0000007c     peripheral_bidirectional_audio_cc2640r2lp_stack_library.lib : osal.obj (.text:osal_event_send$27)
                  0000ccec    0000007c     RFCC26XX_singleMode.obj (.text:rfReleaseConstraint)
                  0000cd68    0000007a     rtsv7M3_T_le_eabi.lib : memset_t2.asm.obj (.text)
                  0000cde2    00000002                           : _lock.c.obj (.text:_nop)
                  0000cde4    00000078     peripheral_bidirectional_audio_cc2640r2lp_stack_library.lib : gapbondmgr.obj (.text:GAPBondMgr_syncResolvingList)
                  0000ce5c    00000078     cc26xx_profiles_pxxx.a : gattservapp.o (.text)
                  0000ced4    00000078     drivers_cc26x0r2.aem3 : UARTCC26XX.oem3 (.text:writeTxFifoFlush)
                  0000cf4c    00000076     cc26xx_gatt_pxxx.a : gatt_client.o (.text)
                  0000cfc2    00000074     cc2640_ll_pxxx.a : ll_common.o (.text)
                  0000d036    00000002     RFCC26XX_singleMode.obj (.text:defaultCallback$8)
                  0000d038    00000074     peripheral_bidirectional_audio_cc2640r2lp_stack_library.lib : gapbondmgr.obj (.text:gapBondMgrBondReq$35)
                  0000d0ac    00000074     rom_sysbios.aem3 : rom_sysbios.obj (.text:ti_sysbios_family_arm_cc26xx_Timer_start__E)
                  0000d120    00000070     icall.obj (.text:ICall_heapGetStats)
                  0000d190    00000070     driverlib.lib : sys_ctrl.obj (.text:NOROM_SysCtrlAdjustRechargeAfterPowerDown)
                  0000d200    00000070     peripheral_bidirectional_audio_cc2640r2lp_stack_library.lib : ble_dispatch_lite.obj (.text:ble_dispatch_liteProcess)
                  0000d270    00000070     drivers_cc26x0r2.aem3 : PowerCC26XX.oem3 (.text:lfClockReadyCallback)
                  0000d2e0    0000006d     rom_sysbios.aem3 : rom_sysbios.obj (.text:xdc_runtime_System_formatNum__I)
                  0000d34d    00000001     --HOLE-- [fill = 0]
                  0000d34e    00000002     drivers_cc26x0r2.aem3 : PowerCC26XX.oem3 (.text:emptyClockFunc)
                  0000d350    0000006c     icall.obj (.text:ICall_sendServiceComplete)
                  0000d3bc    0000006c     driverlib.lib : osc.obj (.text:NOROM_OSCHF_AttemptToSwitchToXosc)
                  0000d428    0000006c     drivers_cc26x0r2.aem3 : PowerCC26XX_calibrateRCOSC.oem3 (.text:PowerCC26XX_initiateCalibration)
                  0000d494    0000006c     cc2640_ll_pxxx.a : ll_scheduler.o (.text)
                  0000d500    0000006c     cc26xx_gatt_pxxx.a : gatt_client.o (.text)
                  0000d56c    0000006c                        : gatt_client.o (.text)
                  0000d5d8    0000006c                        : gatt_client.o (.text)
                  0000d644    0000006c     drivers_cc26x0r2.aem3 : PowerCC26XX.oem3 (.text:configureXOSCHF)
                  0000d6b0    0000006c     RFCC26XX_singleMode.obj (.text:ratDispatchTime$8)
                  0000d71c    00000068     audiocodec.obj (.text:AudioCodecRegWrite$5)
                  0000d784    00000068     drivers_cc26x0r2.aem3 : I2CCC26XX.oem3 (.text:I2CCC26XX_close)
                  0000d7ec    00000068     driverlib.lib : sys_ctrl.obj (.text:NOROM_SysCtrl_DCDC_VoltageConditionalControl)
                  0000d854    00000068     peripheral_bidirectional_audio.obj (.text:PeripheralAudio_freeAttRsp$3)
                  0000d8bc    00000068     drivers_cc26x0r2.aem3 : UARTCC26XX.oem3 (.text:UARTCC26XX_readCancel)
                  0000d924    00000068     rtsv7M3_T_le_eabi.lib : copy_decompress_lzss.c.obj (.text:decompress:lzss:__TI_decompress_lzss)
                  0000d98c    00000068     peripheral_bidirectional_audio_cc2640r2lp_stack_library.lib : osal_cbtimer.obj (.text:osal_CbTimerUpdate)
                  0000d9f4    00000064     icall.obj (.text:ICall_send)
                  0000da58    00000064     cc26xx_profiles_pxxx.a : gattservapp.o (.text)
                  0000dabc    00000060     icall.obj (.text:ICall_createRemoteTasksAtRuntime)
                  0000db1c    00000060     icall.obj (.text:ICall_enrollService)
                  0000db7c    00000060     peripheral_bidirectional_audio.obj (.text:PeripheralAudio_EnableNotification$3)
                  0000dbdc    00000060     RFCC26XX_singleMode.obj (.text:fsmXOSCState$8)
                  0000dc3c    0000005f     rom_sysbios.aem3 : rom_sysbios.obj (.text:xdc_runtime_Text_putLab__E)
                  0000dc9b    00000001     --HOLE-- [fill = 0]
                  0000dc9c    0000005e     icall.obj (.text:ICall_fetchMsg)
                  0000dcfa    0000005e     cc26xx_gatt_pxxx.a : gatt_client.o (.text)
                  0000dd58    0000005c     display.aem3 : Display.oem3 (.text:Display_doOpen)
                  0000ddb4    0000005c     icall.obj (.text:ICall_pwrUpdActivityCounter)
                  0000de10    0000005c     driverlib.lib : prcm.obj (.text:NOROM_PRCMAudioClockConfigSet)
                  0000de6c    0000005c     drivers_cc26x0r2.aem3 : PowerCC26XX_calibrateRCOSC.oem3 (.text:PowerCC26XX_RCOSC_clockFunc)
                  0000dec8    0000005c                           : PowerCC26XX.oem3 (.text:PowerCC26XX_calibrate)
                  0000df24    0000005c     audio_profile_dle.obj (.text:audioProfile_ReadAttrCB$16)
                  0000df80    0000005c     cc26xx_gatt_pxxx.a : gatt_client.o (.text)
                  0000dfdc    0000005c     cc26xx_profiles_pxxx.a : gattservapp.o (.text)
                  0000e038    0000005c     app_ble_pem3.oem3 (.text:xdc_runtime_Startup_getState__I)
                  0000e094    0000005a     RFCC26XX_singleMode.obj (.text:syncCb$8)
                  0000e0ee    00000058     drivers_cc26x0r2.aem3 : I2CCC26XX.oem3 (.text:I2CCC26XX_swiFxn)
                  0000e146    00000058     icall.obj (.text:ICall_wait)
                  0000e19e    00000002     hal_assert.obj (.text:halAssertHandler)
                  0000e1a0    00000058     drivers_cc26x0r2.aem3 : PINCC26XX.oem3 (.text:PIN_remove)
                  0000e1f8    00000058     RFCC26XX_singleMode.obj (.text:RF_getCurrentTime)
                  0000e250    00000058     drivers_cc26x0r2.aem3 : UARTCC26XX.oem3 (.text:UARTCC26XX_control)
                  0000e2a8    00000058     RFCC26XX_singleMode.obj (.text:dispatchNextEvent$8)
                  0000e300    00000058     peripheral_bidirectional_audio_cc2640r2lp_stack_library.lib : gapbondmgr.obj (.text:gapBondMgrChangeState$35)
                  0000e358    00000058                                                                 : gapbondmgr.obj (.text:gapBondMgrReadBonds$35)
                  0000e3b0    00000058                                                                 : osal_cbtimer.obj (.text:osal_CbTimerStop)
                  0000e408    00000054     I2SCC26XX.obj (.text:I2SCC26XX_cleanUpQueues)
                  0000e45c    00000054     I2SCC26XX.obj (.text:I2SCC26XX_releaseBuffer)
                  0000e4b0    00000054     cc26xx_gatt_pxxx.a : gatt_client.o (.text)
                  0000e504    00000054     RFCC26XX_singleMode.obj (.text:cmdDispatchTime$8)
                  0000e558    00000052     peripheral_bidirectional_audio_cc2640r2lp_stack_library.lib : osal_snv_wrapper.obj (.text:findItem$32)
                  0000e5aa    00000002     hal_assert.obj (.text:halAssertSpinlock)
                  0000e5ac    00000050     ECCROMCC26XX.obj (.text:ECCROMCC26XX_Params_init)
                  0000e5fc    00000050     peripheral_bidirectional_audio_cc2640r2lp_stack_library.lib : gapbondmgr.obj (.text:GAPBondMgr_LinkTerm)
                  0000e64c    00000050     icall.obj (.text:ICall_registerApp)
                  0000e69c    00000050     RFCC26XX_singleMode.obj (.text:RF_getInfo)
                  0000e6ec    00000050     util.obj (.text:Util_convertBdAddr2Str)
                  0000e73c    00000050     cc26xx_profiles_pxxx.a : gattservapp.o (.text)
                  0000e78c    00000050     drivers_cc26x0r2.aem3 : UARTCC26XX.oem3 (.text:startTxFifoEmptyClk)
                  0000e7dc    0000004c     icall.obj (.text:ICall_newTask$10)
                  0000e828    0000004c     peripheral_bidirectional_audio.obj (.text:PeripheralAudio_enqueueMsg$3)
                  0000e874    0000004c     RFCC26XX_singleMode.obj (.text:RF_wakeupNotifyFxn$8)
                  0000e8c0    0000004c     cc26xx_att_pxxx.a : att_client.o (.text)
                  0000e90c    0000004c     rtsv7M3_T_le_eabi.lib : cpy_tbl.c.obj (.text:copy_in)
                  0000e958    0000004c     peripheral_bidirectional_audio_cc2640r2lp_stack_library.lib : gapbondmgr.obj (.text:gapBondMgrUpdateLruBondList$35)
                  0000e9a4    0000004c                                                                 : osal_bufmgr.obj (.text:osal_bm_free)
                  0000e9f0    0000004a     display.aem3 : DisplayUart.oem3 (.text:DisplayUartMin_open)
                  0000ea3a    0000004a     peripheral_bidirectional_audio_cc2640r2lp_stack_library.lib : gapbondmgr.obj (.text:gapBondMgrSetEnhancedPrivFlag$35)
                  0000ea84    00000048     dpl_cc26x0r2.aem3 : ClockP_tirtos.oem3 (.text:ClockP_construct)
                  0000eacc    00000048     ECCROMCC26XX.obj (.text:ECC_initGlobals$7)
                  0000eb14    00000048     driverlib.lib : vims.obj (.text:NOROM_VIMSModeSafeSet)
                  0000eb5c    00000048     drivers_cc26x0r2.aem3 : PINCC26XX.oem3 (.text:PIN_setOutputEnable)
                  0000eba4    00000048     RFCC26XX_singleMode.obj (.text:Q_push$8)
                  0000ebec    00000048     util.obj (.text:Util_constructClock)
                  0000ec34    00000048     peripheral_bidirectional_audio_cc2640r2lp_stack_library.lib : osal_snv_wrapper.obj (.text:erasePage$32)
                  0000ec7c    00000048                                                                 : gapbondmgr.obj (.text:gapBondMgrReadCARRsp$35)
                  0000ecc4    00000048                                                                 : osal_timers.obj (.text:osalAddTimer)
                  0000ed0c    00000048     rom_sysbios.aem3 : rom_sysbios.obj (.text:ti_sysbios_family_arm_cc26xx_Timer_setThreshold__I)
                  0000ed54    00000046     display.aem3 : DisplayUart.oem3 (.text:DisplayUartMin_vprintf)
                  0000ed9a    00000046     cc26xx_gatt_pxxx.a : gatt_client.o (.text)
                  0000ede0    00000044     audiocodec.obj (.text:AudioCodecMicVolCtrl)
                  0000ee24    00000044     audio_profile_dle.obj (.text:Audio_SetParameter)
                  0000ee68    00000044     drivers_cc26x0r2.aem3 : CryptoCC26XX.oem3 (.text:CryptoCC26XX_loadKey)
                  0000eeac    00000044                           : I2CCC26XX.oem3 (.text:I2CCC26XX_initHw)
                  0000eef0    00000044     icall.obj (.text:ICall_heapFree)
                  0000ef34    00000044     driverlib.lib : osc.obj (.text:NOROM_OSCHF_SwitchToRcOscTurnOffXosc)
                  0000ef78    00000044     drivers_cc26x0r2.aem3 : RingBuf.oem3 (.text:RingBuf_put)
                  0000efbc    00000044     boot.aem3 : boot.oem3 (.text)
                  0000f000    00000044     cc2640_ll_pxxx.a : ll_scheduler.o (.text)
                  0000f044    00000044     cc26xx_profiles_pxxx.a : gattservapp.o (.text)
                  0000f088    00000044     drivers_cc26x0r2.aem3 : PowerCC26XX.oem3 (.text:notify)
                  0000f0cc    00000044     peripheral_bidirectional_audio_cc2640r2lp_stack_library.lib : osal_timers.obj (.text:osal_start_timerEx)
                  0000f110    00000044     rom_sysbios.aem3 : rom_sysbios.obj (.text:xdc_runtime_Text_xprintf__I)
                  0000f154    00000042     peripheral_bidirectional_audio_cc2640r2lp_stack_library.lib : gapbondmgr.obj (.text:GAPBondMgr_UpdateCharCfg)
                  0000f196    00000042                                                                 : gap.obj (.text:GAP_DeviceInit)
                  0000f1d8    00000040     ECCROMCC26XX.obj (.text:ECCROMCC26XX_init)
                  0000f218    00000040     peripheral.obj (.text:GAPRole_createTask)
                  0000f258    00000040     drivers_cc26x0r2.aem3 : I2C.oem3 (.text:I2C_init)
                  0000f298    00000040                           : I2C.oem3 (.text:I2C_open)
                  0000f2d8    00000040                           : PINCC26XX.oem3 (.text:PIN_swi)
                  0000f318    00000040                           : PowerCC26XX.oem3 (.text:PowerCC26XX_isStableXOSC_HF)
                  0000f358    00000040                           : UART.oem3 (.text:UART_init)
                  0000f398    00000040                           : UART.oem3 (.text:UART_open)
                  0000f3d8    00000040     cc26xx_profiles_pxxx.a : gattservapp.o (.text)
                  0000f418    00000040                            : gattservapp.o (.text)
                  0000f458    00000040     rtsv7M3_T_le_eabi.lib : u_divt2.asm.obj (.text)
                  0000f498    00000040     rom_sysbios.aem3 : rom_sysbios.obj (.text:ti_sysbios_heaps_HeapCallback_Module_startup__E)
                  0000f4d8    0000003e     dpl_cc26x0r2.aem3 : HwiP_tirtos.oem3 (.text:HwiP_construct)
                  0000f516    0000003e     drivers_cc26x0r2.aem3 : RingBuf.oem3 (.text:RingBuf_get)
                  0000f554    0000003e     cc26xx_gatt_pxxx.a : gatt_client.o (.text)
                  0000f592    00000002     rtsv7M3_T_le_eabi.lib : div0.asm.obj (.text)
                  0000f594    0000003c     audiocodec.obj (.text:AudioCodecSpeakerVolCtrl)
                  0000f5d0    0000003c     peripheral_bidirectional_audio_cc2640r2lp_stack_library.lib : gapbondmgr.obj (.text:GAPBondMgr_ReadCentAddrResChar)
                  0000f60c    0000003c     driverlib.lib : i2c.obj (.text:NOROM_I2CMasterInitExpClk)
                  0000f648    0000003c                   : osc.obj (.text:NOROM_OSC_HPOSCRelativeFrequencyOffsetGet)
                  0000f684    0000003c     peripheral_bidirectional_audio.obj (.text:PeripheralAudio_createTask)
                  0000f6c0    0000003c     dpl_cc26x0r2.aem3 : SwiP_tirtos.oem3 (.text:SwiP_construct)
[...]
20002a18  displayUartObject                                                         
20002a24  PowerCC26XX_taskKey                                                       
20002a28  PowerCC26XX_swiKey                                                        
20002a4c  clientInfoTbl                                                             
20002a54  ClockP_tickPeriod                                                         
20002a58  g_pControlTable                                                           
20002a5c  tasksEvents                                                               
20002a60  trngCC26XXObjects                                                         
20002a68  hciTaskID                                                                 
20002a69  hciGapTaskID                                                              
20002a6a  hciTestTaskID                                                             
20002a6b  hciL2capTaskID                                                            
20002a6c  hciSmpTaskID                                                              
20002a6d  driverlib_release_0_49664                                                 
20002a6e  g_hwiInt                                                                  
20002a6f  icall_liteTaskId                                                          
20002a70  heapStart                                                                 
20004000  __stack                                                                   
20004000  heapEnd                                                                   
20004400  __STACK_END                                                               
20004400  __STACK_TOP                                                               
200044f8  RAM_BASE_ADDR                                                             
20004504  ROM_FlashJT                                                               
20004508  gapParameters                                                             
20004558  gapPeripheralCBs                                                          
20004564  gapPeripheralConnCBs                                                      
20004568  rfMode                                                                    
20004584  smResponderCBs                                                            
2000459c  slaveConnHandle                                                           
2000459e  nextHandle                                                                
200045a0  l2capMtuSize                                                              
200045a2  gapAppTaskID                                                              
200045a3  gapAdvAppTaskID                                                           
200045a4  gapUnwantedTaskID                                                         
200045a5  reqTaskId                                                                 
200045a6  gattAppTaskID                                                             
200045a7  appTaskID                                                                 
200045a8  flowCtrlTaskId                                                            
200045a9  SM_appTaskID                                                              
200045ac  resolvingList                                                             
200046ec  scanDataEntry                                                             
200047cc  wlTable                                                                   
200048a8  wlTableScan                                                               
20004988  rfObject                                                                  
20004a20  advCmd                                                                    
20004a68  localEccKeys                                                              
20004aac  initDataEntry                                                             
20004ae4  advDataEntry                                                              
20004b1c  l2capFixedChannels                                                        
20004b4c  linkCBs                                                                   
20004b7c  eccParams                                                                 
20004bac  initParam                                                                 
20004bd0  scanParam                                                                 
20004bf4  advParam                                                                  
20004c14  cryptoPRAND                                                               
20004c34  txModemTestCmd                                                            
20004c50  gapParams                                                                 
20004c6c  initCmd                                                                   
20004c84  connReqData                                                               
20004c9c  scanCmd                                                                   
20004cb4  scanOutput                                                                
20004ccc  trxTestCmd                                                                
20004ce4  rxModemTestCmd                                                            
20004cfc  rsp                                                                       
20004d14  fwParDtmCmd                                                               
20004d2c  rfSetup                                                                   
20004d44  fwParRfCmd                                                                
20004d5c  connOutput                                                                
20004d70  rxTestParam                                                               
20004d84  initDataQueue                                                             
20004d94  scanDataQueue                                                             
20004da4  advDataQueue                                                              
20004db4  advOutput                                                                 
20004dc4  txTestParam                                                               
20004dd4  initOutput                                                                
20004de0  rxTestOut                                                                 
20004dec  deviceFeatureSet                                                          
20004df8  cachedTRNGdata                                                            
20004e04  gapCurrentRandomAddr                                                      
20004e0c  slaveUpdateReq                                                            
20004e14  pBleEvtMask                                                               
20004e1c  pHciEvtMask                                                               
20004e24  pHciEvtMask2                                                              
20004e2c  ownPublicAddr                                                             
20004e34  ownRandomAddr                                                             
20004e3c  ownSavedPublicAddr                                                        
20004e44  fwImmedCmd                                                                
20004e4c  attServerNotifyTxCB                                                       
20004e50  rfEvent                                                                   
20004e58  fwParCmd                                                                  
20004e60  verInfo                                                                   
20004e68  llConns                                                                   
20004e70  fwParamImmedCmd                                                           
20004e78  privInfo                                                                  
20004e80  linkCmd                                                                   
20004e84  linkParam                                                                 
20004e88  rxDataQ                                                                   
20004e8c  txDataQ                                                                   
20004e90  rxRingBuf                                                                 
20004e94  txTestOut                                                                 
20004e98  pGapDiscReq                                                               
20004e9c  pGapAdvertState                                                           
20004ea0  pEstLink                                                                  
20004ea4  pAuthLink                                                                 
20004ea8  pfnCentralConnCBs                                                         
20004eac  pfnPeripheralConnCBs                                                      
20004eb0  pGapAdvTokens                                                             
20004eb4  pGapAdData                                                                
20004eb8  pGapScanRspData                                                           
20004ebc  pfnPeripheralCBs                                                          
20004ec0  pfnCentralCBs                                                             
20004ec4  pfnBondMgrCBs                                                             
20004ec8  serverInfoTbl                                                             
20004ecc  pServiceList                                                              
20004ed0  pfnServerProcessMsgCB                                                     
20004ed4  pfnClientProcessMsgCB                                                     
20004ed8  prepareWritesTbl                                                          
20004edc  serviceCBsList                                                            
20004ee0  pAttrValue                                                                
20004ee4  l2capChannels                                                             
20004ee8  linkDB                                                                    
20004eec  rfHandle                                                                  
20004ef0  rfDrvTblPtr                                                               
20004ef4  eccDrvTblPtr                                                              
20004ef8  cryptoDrvTblPtr                                                           
20004efc  trngDrvTblPtr                                                             
20004f00  activeConns                                                               
20004f04  SysBootMsg                                                                
20004f08  sclkSrc                                                                   
20004f0c  buildInfo                                                                 
20004f10  advInfo                                                                   
20004f14  scanInfo                                                                  
20004f18  initInfo                                                                  
20004f1c  dtmInfo                                                                   
20004f20  taskEndAction                                                             
20004f24  encParams                                                                 
20004f28  encHandle                                                                 
20004f2c  encKey                                                                    
20004f30  pPairingParams                                                            
20004f34  pfnResponderCBs                                                           
20004f38  pfnInitiatorCBs                                                           
20004f3c  gapLimitedAdvertisingTimeout                                              
20004f3e  attrLen                                                                   
20004f40  numHostBufs                                                               
20004f42  rfCmdHandle                                                               
20004f44  connInitialMaxTxOctets                                                    
20004f46  connInitialMaxTxTime                                                      
20004f48  supportedMaxTxOctets                                                      
20004f4a  supportedMaxTxTime                                                        
20004f4c  supportedMaxRxOctets                                                      
20004f4e  supportedMaxRxTime                                                        
20004f50  taskEndStatus                                                             
20004f52  postRfOperations                                                          
20004f54  rfCfgAdiVal                                                               
20004f58  gapProfileRole                                                            
20004f59  gapDeviceAddrMode                                                         
20004f5a  gapState                                                                  
20004f5b  terminateAllTaskID                                                        
20004f5c  terminateReason                                                           
20004f5d  gapTaskID                                                                 
20004f5e  gattNumConns                                                              
20004f5f  gattTaskID                                                                
20004f60  GATTServApp_TaskID                                                        
20004f61  maxNumPrepareWrites                                                       
20004f62  hciPTMenabled                                                             
20004f63  ctrlToHostEnable                                                          
20004f64  l2capFlowCtrlMode                                                         
20004f65  l2capTaskID                                                               
20004f66  l2capNumChannels                                                          
20004f67  l2capNumDataPkts                                                          
20004f68  l2capId                                                                   
20004f69  linkDBNumConns                                                            
20004f6a  linkDB_secureConnectionOnlyMode                                           
20004f6b  maxPduSize                                                                
20004f6c  rfFeModeBias                                                              
20004f6d  maxNumTxDataBufs                                                          
20004f6e  LL_TaskID                                                                 
20004f6f  llState                                                                   
20004f70  rssiCorrection                                                            
20004f71  curTxPowerVal                                                             
20004f72  maxTxPwrForDTM                                                            
20004f73  onePktPerEvt                                                              
20004f74  numComplPkts                                                              
20004f75  numComplPktsLimit                                                         
20004f76  numComplPktsFlush                                                         
20004f77  fastTxRespTime                                                            
20004f78  slOverride                                                                
20004f79  rxFifoFlowCtrl                                                            
20004f7a  numTxDataBufs                                                             
20004f7b  maxNumConns                                                               
20004f7c  smTaskID                                                                  
20004f7d  SM_appExpectingKey                                                        
20004f80  ECC_DATA$$Base                                                            
20004f80  eccRom_param_Gx                                                           
20004f84  eccRom_param_Gy                                                           
20004f88  eccRom_workzone                                                           
20004f8c  eccRom_param_p                                                            
20004f90  eccRom_param_r                                                            
20004f94  eccRom_param_a                                                            
20004f98  eccRom_param_b                                                            
20004f9c  eccRom_windowSize                                                         
20004fa0  aux64                                                                     
20004fa8  MOD                                                                       
20004fac  LEN                                                                       
20004fb0  inScalar                                                                  
20004fb4  inPointX                                                                  
20004fb8  inPointY                                                                  
20004fbc  outPointX                                                                 
20004fc0  outPointY                                                                 
20004fc4  SCAL                                                                      
20004fc8  EXPX                                                                      
20004fcc  EXPY                                                                      
20004fd0  EXPZ                                                                      
20004fd4  EXPW                                                                      
20004fd8  ACCX                                                                      
20004fdc  ACCY                                                                      
20004fe0  ACCZ                                                                      
20004fe4  TMP1                                                                      
20004fe8  TMP2                                                                      
20004fec  TMP3                                                                      
20004ff0  TMP4                                                                      
20004ff4  TMP5                                                                      
20004ff8  TMP6                                                                      
20004ffc  MSBMOD                                                                    
20005000  ECC_DATA$$Limit                                                           
20005000  __UNUSED_SRAM_end__                                                       
e000e000  ti_sysbios_family_arm_m3_Hwi_nvic                                         
ffffffff  __TI_pprof_out_hndl                                                       
ffffffff  __TI_prof_data_size                                                       
ffffffff  __TI_prof_data_start                                                      
ffffffff  __binit__                                                                 
ffffffff  __c_args__                                                                
ffffffff  binit                                                                     
UNDEFED   SHT$$INIT_ARRAY$$Base                                                     
UNDEFED   SHT$$INIT_ARRAY$$Limit                                                    

[2341 symbols]
